Filtered dataset length: 59965
Filtered dataset length: 59965

Fold 2
Epoch 1, Train Loss: 0.3961, Val Loss: 0.3583
Saved best model for fold 2
Epoch 2, Train Loss: 0.3734, Val Loss: 0.3557
Saved best model for fold 2
Epoch 3, Train Loss: 0.3641, Val Loss: 0.3548
Saved best model for fold 2
Epoch 4, Train Loss: 0.3583, Val Loss: 0.3348
Saved best model for fold 2
Epoch 5, Train Loss: 0.3460, Val Loss: 0.3271
Saved best model for fold 2
Epoch 6, Train Loss: 0.3327, Val Loss: 0.3147
Saved best model for fold 2
Epoch 7, Train Loss: 0.3288, Val Loss: 0.3263
Epoch 8, Train Loss: 0.3221, Val Loss: 0.3069
Saved best model for fold 2
Epoch 9, Train Loss: 0.3158, Val Loss: 0.3052
Saved best model for fold 2
Epoch 10, Train Loss: 0.3145, Val Loss: 0.3037
Saved best model for fold 2
Epoch 11, Train Loss: 0.3091, Val Loss: 0.3065
Epoch 12, Train Loss: 0.3064, Val Loss: 0.2979
Saved best model for fold 2
Epoch 13, Train Loss: 0.3053, Val Loss: 0.2971
Saved best model for fold 2
Epoch 14, Train Loss: 0.2982, Val Loss: 0.2985
Epoch 15, Train Loss: 0.2981, Val Loss: 0.2960
Saved best model for fold 2
Epoch 16, Train Loss: 0.2929, Val Loss: 0.3004
Epoch 17, Train Loss: 0.2913, Val Loss: 0.2964
Epoch 18, Train Loss: 0.2927, Val Loss: 0.3090
Epoch 19, Train Loss: 0.2897, Val Loss: 0.3020
Epoch 20, Train Loss: 0.2864, Val Loss: 0.2904
Saved best model for fold 2
Epoch 21, Train Loss: 0.2855, Val Loss: 0.2905
Epoch 22, Train Loss: 0.2848, Val Loss: 0.2925
Epoch 23, Train Loss: 0.2817, Val Loss: 0.2908
Epoch 24, Train Loss: 0.2816, Val Loss: 0.2908
Epoch 25, Train Loss: 0.2792, Val Loss: 0.2928
Epoch 26, Train Loss: 0.2773, Val Loss: 0.2914
Epoch 27, Train Loss: 0.2767, Val Loss: 0.2926
Epoch 28, Train Loss: 0.2749, Val Loss: 0.2965
Epoch 29, Train Loss: 0.2748, Val Loss: 0.3036
Epoch 30, Train Loss: 0.2702, Val Loss: 0.2932
Epoch 31, Train Loss: 0.2703, Val Loss: 0.2941
Epoch 32, Train Loss: 0.2717, Val Loss: 0.3125
Epoch 33, Train Loss: 0.2720, Val Loss: 0.2971
Epoch 34, Train Loss: 0.2686, Val Loss: 0.2964
Epoch 35, Train Loss: 0.2659, Val Loss: 0.2995
Epoch 36, Train Loss: 0.2636, Val Loss: 0.2944
Epoch 37, Train Loss: 0.2643, Val Loss: 0.2968
Epoch 38, Train Loss: 0.2629, Val Loss: 0.2970
Epoch 39, Train Loss: 0.2635, Val Loss: 0.2961
Epoch 40, Train Loss: 0.2612, Val Loss: 0.2994
Epoch 41, Train Loss: 0.2602, Val Loss: 0.3005
Epoch 42, Train Loss: 0.2616, Val Loss: 0.2961
Epoch 43, Train Loss: 0.2585, Val Loss: 0.2971
Epoch 44, Train Loss: 0.2549, Val Loss: 0.3045
Epoch 45, Train Loss: 0.2560, Val Loss: 0.2955
Epoch 46, Train Loss: 0.2567, Val Loss: 0.2984
Epoch 47, Train Loss: 0.2531, Val Loss: 0.2939
Epoch 48, Train Loss: 0.2529, Val Loss: 0.3063
Epoch 49, Train Loss: 0.2510, Val Loss: 0.2988
Epoch 50, Train Loss: 0.2505, Val Loss: 0.2991
Fold 2 Metrics:
MSE: 0.0507, MAE: 0.1297, R²: 0.2761
Filtered dataset length: 59965

Fold 4
Epoch 1, Train Loss: 0.3902, Val Loss: 0.3705
Saved best model for fold 4
Epoch 2, Train Loss: 0.3701, Val Loss: 0.3550
Saved best model for fold 4
Epoch 3, Train Loss: 0.3629, Val Loss: 0.3487
Saved best model for fold 4
Epoch 4, Train Loss: 0.3531, Val Loss: 0.3545
Epoch 5, Train Loss: 0.3411, Val Loss: 0.3296
Saved best model for fold 4
Epoch 6, Train Loss: 0.3302, Val Loss: 0.3267
Saved best model for fold 4
Epoch 7, Train Loss: 0.3238, Val Loss: 0.3179
Saved best model for fold 4
Epoch 8, Train Loss: 0.3141, Val Loss: 0.3136
Saved best model for fold 4
Epoch 9, Train Loss: 0.3130, Val Loss: 0.3160
Epoch 10, Train Loss: 0.3099, Val Loss: 0.3103
Saved best model for fold 4
Epoch 11, Train Loss: 0.3038, Val Loss: 0.3076
Saved best model for fold 4
Epoch 12, Train Loss: 0.3014, Val Loss: 0.3036
Saved best model for fold 4
Epoch 13, Train Loss: 0.2958, Val Loss: 0.3043
Epoch 14, Train Loss: 0.2959, Val Loss: 0.3022
Saved best model for fold 4
Epoch 15, Train Loss: 0.2935, Val Loss: 0.3042
Epoch 16, Train Loss: 0.2897, Val Loss: 0.3064
Epoch 17, Train Loss: 0.2880, Val Loss: 0.3027
Epoch 18, Train Loss: 0.2857, Val Loss: 0.3018
Saved best model for fold 4
Epoch 19, Train Loss: 0.2898, Val Loss: 0.3081
Epoch 20, Train Loss: 0.2841, Val Loss: 0.3054
Epoch 21, Train Loss: 0.2828, Val Loss: 0.3124
Epoch 22, Train Loss: 0.2838, Val Loss: 0.3161
Epoch 23, Train Loss: 0.2786, Val Loss: 0.3060
Epoch 24, Train Loss: 0.2763, Val Loss: 0.3060
Epoch 25, Train Loss: 0.2746, Val Loss: 0.3058
Epoch 26, Train Loss: 0.2761, Val Loss: 0.3102
Epoch 27, Train Loss: 0.2727, Val Loss: 0.3105
Epoch 28, Train Loss: 0.2710, Val Loss: 0.3079
Epoch 29, Train Loss: 0.2701, Val Loss: 0.3116
Epoch 30, Train Loss: 0.2681, Val Loss: 0.3097
Epoch 31, Train Loss: 0.2673, Val Loss: 0.3096
Epoch 32, Train Loss: 0.2687, Val Loss: 0.3072
Epoch 33, Train Loss: 0.2667, Val Loss: 0.3097
Epoch 34, Train Loss: 0.2660, Val Loss: 0.3087
Epoch 35, Train Loss: 0.2630, Val Loss: 0.3182
Epoch 36, Train Loss: 0.2627, Val Loss: 0.3133
Epoch 37, Train Loss: 0.2620, Val Loss: 0.3075
Epoch 38, Train Loss: 0.2579, Val Loss: 0.3093
Epoch 39, Train Loss: 0.2593, Val Loss: 0.3119
Epoch 40, Train Loss: 0.2574, Val Loss: 0.3098
Epoch 41, Train Loss: 0.2554, Val Loss: 0.3107
Epoch 42, Train Loss: 0.2555, Val Loss: 0.3105
Epoch 43, Train Loss: 0.2565, Val Loss: 0.3095
Epoch 44, Train Loss: 0.2536, Val Loss: 0.3109
Epoch 45, Train Loss: 0.2534, Val Loss: 0.3172
Epoch 46, Train Loss: 0.2510, Val Loss: 0.3112
Epoch 47, Train Loss: 0.2508, Val Loss: 0.3148
Epoch 48, Train Loss: 0.2477, Val Loss: 0.3089
Epoch 49, Train Loss: 0.2501, Val Loss: 0.3285
Epoch 50, Train Loss: 0.2474, Val Loss: 0.3149
Fold 4 Metrics:
MSE: 0.0519, MAE: 0.1302, R²: 0.2724
Filtered dataset length: 59965

Fold 1
Epoch 1, Train Loss: 0.3954, Val Loss: 0.3606
Saved best model for fold 1
Epoch 2, Train Loss: 0.3718, Val Loss: 0.3601
Saved best model for fold 1
Epoch 3, Train Loss: 0.3603, Val Loss: 0.3578
Saved best model for fold 1
Epoch 4, Train Loss: 0.3542, Val Loss: 0.3472
Saved best model for fold 1
Epoch 5, Train Loss: 0.3432, Val Loss: 0.3333
Saved best model for fold 1
Epoch 6, Train Loss: 0.3329, Val Loss: 0.3204
Saved best model for fold 1
Epoch 7, Train Loss: 0.3244, Val Loss: 0.3186
Saved best model for fold 1
Epoch 8, Train Loss: 0.3189, Val Loss: 0.3135
Saved best model for fold 1
Epoch 9, Train Loss: 0.3141, Val Loss: 0.3174
Epoch 10, Train Loss: 0.3091, Val Loss: 0.3096
Saved best model for fold 1
Epoch 11, Train Loss: 0.3074, Val Loss: 0.3079
Saved best model for fold 1
Epoch 12, Train Loss: 0.3014, Val Loss: 0.3027
Saved best model for fold 1
Epoch 13, Train Loss: 0.3032, Val Loss: 0.3201
Epoch 14, Train Loss: 0.2971, Val Loss: 0.3027
Saved best model for fold 1
Epoch 15, Train Loss: 0.2943, Val Loss: 0.2991
Saved best model for fold 1
Epoch 16, Train Loss: 0.2920, Val Loss: 0.3047
Epoch 17, Train Loss: 0.2910, Val Loss: 0.3019
Epoch 18, Train Loss: 0.2935, Val Loss: 0.3000
Epoch 19, Train Loss: 0.2868, Val Loss: 0.2996
Epoch 20, Train Loss: 0.2856, Val Loss: 0.3017
Epoch 21, Train Loss: 0.2846, Val Loss: 0.3033
Epoch 22, Train Loss: 0.2828, Val Loss: 0.2983
Saved best model for fold 1
Epoch 23, Train Loss: 0.2796, Val Loss: 0.2963
Saved best model for fold 1
Epoch 24, Train Loss: 0.2799, Val Loss: 0.2996
Epoch 25, Train Loss: 0.2757, Val Loss: 0.2980
Epoch 26, Train Loss: 0.2756, Val Loss: 0.2994
Epoch 27, Train Loss: 0.2748, Val Loss: 0.3000
Epoch 28, Train Loss: 0.2729, Val Loss: 0.3039
Epoch 29, Train Loss: 0.2719, Val Loss: 0.3005
Epoch 30, Train Loss: 0.2699, Val Loss: 0.2982
Epoch 31, Train Loss: 0.2703, Val Loss: 0.2973
Epoch 32, Train Loss: 0.2674, Val Loss: 0.3032
Epoch 33, Train Loss: 0.2650, Val Loss: 0.2979
Epoch 34, Train Loss: 0.2651, Val Loss: 0.3059
Epoch 35, Train Loss: 0.2644, Val Loss: 0.2990
Epoch 36, Train Loss: 0.2642, Val Loss: 0.3107
Epoch 37, Train Loss: 0.2614, Val Loss: 0.3006
Epoch 38, Train Loss: 0.2623, Val Loss: 0.3041
Epoch 39, Train Loss: 0.2599, Val Loss: 0.3044
Epoch 40, Train Loss: 0.2575, Val Loss: 0.3007
Epoch 41, Train Loss: 0.2576, Val Loss: 0.3022
Epoch 42, Train Loss: 0.2571, Val Loss: 0.3102
Epoch 43, Train Loss: 0.2576, Val Loss: 0.3076
Epoch 44, Train Loss: 0.2545, Val Loss: 0.3035
Epoch 45, Train Loss: 0.2538, Val Loss: 0.3015
Epoch 46, Train Loss: 0.2501, Val Loss: 0.3077
Epoch 47, Train Loss: 0.2518, Val Loss: 0.3026
Epoch 48, Train Loss: 0.2511, Val Loss: 0.3081
Epoch 49, Train Loss: 0.2484, Val Loss: 0.3074
Epoch 50, Train Loss: 0.2498, Val Loss: 0.3059
Fold 1 Metrics:
MSE: 0.0525, MAE: 0.1336, R²: 0.2762
Filtered dataset length: 59965

Fold 3
Epoch 1, Train Loss: 0.3926, Val Loss: 0.3659
Saved best model for fold 3
Epoch 2, Train Loss: 0.3745, Val Loss: 0.3599
Saved best model for fold 3
Epoch 3, Train Loss: 0.3594, Val Loss: 0.3595
Saved best model for fold 3
Epoch 4, Train Loss: 0.3500, Val Loss: 0.3462
Saved best model for fold 3
Epoch 5, Train Loss: 0.3419, Val Loss: 0.3317
Saved best model for fold 3
Epoch 6, Train Loss: 0.3322, Val Loss: 0.3306
Saved best model for fold 3
Epoch 7, Train Loss: 0.3250, Val Loss: 0.3200
Saved best model for fold 3
Epoch 8, Train Loss: 0.3185, Val Loss: 0.3144
Saved best model for fold 3
Epoch 9, Train Loss: 0.3140, Val Loss: 0.3117
Saved best model for fold 3
Epoch 10, Train Loss: 0.3108, Val Loss: 0.3129
Epoch 11, Train Loss: 0.3050, Val Loss: 0.3060
Saved best model for fold 3
Epoch 12, Train Loss: 0.3029, Val Loss: 0.3062
Epoch 13, Train Loss: 0.2973, Val Loss: 0.3015
Saved best model for fold 3
Epoch 14, Train Loss: 0.2971, Val Loss: 0.3072
Epoch 15, Train Loss: 0.2971, Val Loss: 0.3027
Epoch 16, Train Loss: 0.2937, Val Loss: 0.3009
Saved best model for fold 3
Epoch 17, Train Loss: 0.2935, Val Loss: 0.2988
Saved best model for fold 3
Epoch 18, Train Loss: 0.2902, Val Loss: 0.3004
Epoch 19, Train Loss: 0.2858, Val Loss: 0.3025
Epoch 20, Train Loss: 0.2875, Val Loss: 0.3047
Epoch 21, Train Loss: 0.2836, Val Loss: 0.2970
Saved best model for fold 3
Epoch 22, Train Loss: 0.2859, Val Loss: 0.2969
Saved best model for fold 3
Epoch 23, Train Loss: 0.2819, Val Loss: 0.3005
Epoch 24, Train Loss: 0.2789, Val Loss: 0.2967
Saved best model for fold 3
Epoch 25, Train Loss: 0.2784, Val Loss: 0.2972
Epoch 26, Train Loss: 0.2780, Val Loss: 0.2975
Epoch 27, Train Loss: 0.2748, Val Loss: 0.2968
Epoch 28, Train Loss: 0.2741, Val Loss: 0.2998
Epoch 29, Train Loss: 0.2720, Val Loss: 0.2983
Epoch 30, Train Loss: 0.2701, Val Loss: 0.2970
Epoch 31, Train Loss: 0.2682, Val Loss: 0.3045
Epoch 32, Train Loss: 0.2672, Val Loss: 0.3022
Epoch 33, Train Loss: 0.2662, Val Loss: 0.3015
Epoch 34, Train Loss: 0.2664, Val Loss: 0.2994
Epoch 35, Train Loss: 0.2641, Val Loss: 0.3023
Epoch 36, Train Loss: 0.2631, Val Loss: 0.2997
Epoch 37, Train Loss: 0.2626, Val Loss: 0.3036
Epoch 38, Train Loss: 0.2617, Val Loss: 0.3110
Epoch 39, Train Loss: 0.2620, Val Loss: 0.3051
Epoch 40, Train Loss: 0.2595, Val Loss: 0.3005
Epoch 41, Train Loss: 0.2605, Val Loss: 0.3016
Epoch 42, Train Loss: 0.2566, Val Loss: 0.3002
Epoch 43, Train Loss: 0.2549, Val Loss: 0.3041
Epoch 44, Train Loss: 0.2550, Val Loss: 0.2998
Epoch 45, Train Loss: 0.2544, Val Loss: 0.2996
Epoch 46, Train Loss: 0.2545, Val Loss: 0.3066
Epoch 47, Train Loss: 0.2525, Val Loss: 0.2989
Epoch 48, Train Loss: 0.2509, Val Loss: 0.3011
Epoch 49, Train Loss: 0.2490, Val Loss: 0.3059
Epoch 50, Train Loss: 0.2487, Val Loss: 0.2987
Fold 3 Metrics:
MSE: 0.0511, MAE: 0.1288, R²: 0.2964
Filtered dataset length: 59965

Fold 5
Epoch 1, Train Loss: 0.3945, Val Loss: 0.3655
Saved best model for fold 5
Epoch 2, Train Loss: 0.3749, Val Loss: 0.3641
Saved best model for fold 5
Epoch 3, Train Loss: 0.3656, Val Loss: 0.3499
Saved best model for fold 5
Epoch 4, Train Loss: 0.3584, Val Loss: 0.3368
Saved best model for fold 5
Epoch 5, Train Loss: 0.3428, Val Loss: 0.3349
Saved best model for fold 5
Epoch 6, Train Loss: 0.3322, Val Loss: 0.3160
Saved best model for fold 5
Epoch 7, Train Loss: 0.3237, Val Loss: 0.3138
Saved best model for fold 5
Epoch 8, Train Loss: 0.3174, Val Loss: 0.3084
Saved best model for fold 5
Epoch 9, Train Loss: 0.3153, Val Loss: 0.3133
Epoch 10, Train Loss: 0.3104, Val Loss: 0.3047
Saved best model for fold 5
Epoch 11, Train Loss: 0.3065, Val Loss: 0.3088
Epoch 12, Train Loss: 0.3023, Val Loss: 0.3031
Saved best model for fold 5
Epoch 13, Train Loss: 0.3028, Val Loss: 0.3021
Saved best model for fold 5
Epoch 14, Train Loss: 0.2972, Val Loss: 0.3072
Epoch 15, Train Loss: 0.2994, Val Loss: 0.3027
Epoch 16, Train Loss: 0.2987, Val Loss: 0.3089
Epoch 17, Train Loss: 0.2909, Val Loss: 0.3005
Saved best model for fold 5
Epoch 18, Train Loss: 0.2910, Val Loss: 0.2994
Saved best model for fold 5
Epoch 19, Train Loss: 0.2866, Val Loss: 0.3042
Epoch 20, Train Loss: 0.2867, Val Loss: 0.3071
Epoch 21, Train Loss: 0.2844, Val Loss: 0.3166
Epoch 22, Train Loss: 0.2846, Val Loss: 0.3022
Epoch 23, Train Loss: 0.2837, Val Loss: 0.3071
Epoch 24, Train Loss: 0.2846, Val Loss: 0.3045
Epoch 25, Train Loss: 0.2805, Val Loss: 0.2990
Saved best model for fold 5
Epoch 26, Train Loss: 0.2790, Val Loss: 0.3008
Epoch 27, Train Loss: 0.2768, Val Loss: 0.3010
Epoch 28, Train Loss: 0.2773, Val Loss: 0.2971
Saved best model for fold 5
Epoch 29, Train Loss: 0.2767, Val Loss: 0.2986
Epoch 30, Train Loss: 0.2733, Val Loss: 0.2987
Epoch 31, Train Loss: 0.2758, Val Loss: 0.2988
Epoch 32, Train Loss: 0.2711, Val Loss: 0.3009
Epoch 33, Train Loss: 0.2767, Val Loss: 0.3050
Epoch 34, Train Loss: 0.2693, Val Loss: 0.3067
Epoch 35, Train Loss: 0.2672, Val Loss: 0.3027
Epoch 36, Train Loss: 0.2671, Val Loss: 0.3027
Epoch 37, Train Loss: 0.2659, Val Loss: 0.3027
Epoch 38, Train Loss: 0.2639, Val Loss: 0.3116
Epoch 39, Train Loss: 0.2654, Val Loss: 0.3013
Epoch 40, Train Loss: 0.2637, Val Loss: 0.3008
Epoch 41, Train Loss: 0.2617, Val Loss: 0.2988
Epoch 42, Train Loss: 0.2597, Val Loss: 0.3033
Epoch 43, Train Loss: 0.2603, Val Loss: 0.3101
Epoch 44, Train Loss: 0.2556, Val Loss: 0.3019
Epoch 45, Train Loss: 0.2561, Val Loss: 0.3053
Epoch 46, Train Loss: 0.2542, Val Loss: 0.3013
Epoch 47, Train Loss: 0.2568, Val Loss: 0.3046
Epoch 48, Train Loss: 0.2547, Val Loss: 0.3067
Epoch 49, Train Loss: 0.2555, Val Loss: 0.3073
Epoch 50, Train Loss: 0.2514, Val Loss: 0.3054
Fold 5 Metrics:
MSE: 0.0523, MAE: 0.1191, R²: 0.2664

Average best validation loss across all folds: 0.2965
