Staring!
Filtered dataset length: 5532
Filtered and augmented dataset length: 29397
Filtered dataset length: 5532
Filtered dataset length: 5532
Filtered and augmented dataset length: 29397

Fold 3
Filtered and augmented dataset length: 29397

Fold 1
Filtered dataset length: 5532
Filtered dataset length: 5532
Filtered and augmented dataset length: 29397

Fold 2
Filtered and augmented dataset length: 29397

Fold 4
Epoch 1, Train Loss: 0.7192, Val Loss: 0.6695
Saved best model for fold 3
Epoch 1, Train Loss: 0.7314, Val Loss: 0.6742
Saved best model for fold 4
Epoch 1, Train Loss: 0.7080, Val Loss: 0.6701
Saved best model for fold 1
Epoch 1, Train Loss: 0.7153, Val Loss: 0.6685
Saved best model for fold 2
Epoch 2, Train Loss: 0.6656, Val Loss: 0.6565
Saved best model for fold 3
Epoch 2, Train Loss: 0.6696, Val Loss: 0.6517
Saved best model for fold 4
Epoch 2, Train Loss: 0.6637, Val Loss: 0.6555
Saved best model for fold 1
Epoch 2, Train Loss: 0.6690, Val Loss: 0.6556
Saved best model for fold 2
Epoch 3, Train Loss: 0.6480, Val Loss: 0.6398
Saved best model for fold 3
Epoch 3, Train Loss: 0.6519, Val Loss: 0.6407
Saved best model for fold 4
Epoch 3, Train Loss: 0.6478, Val Loss: 0.6447
Saved best model for fold 1
Epoch 3, Train Loss: 0.6481, Val Loss: 0.6418
Saved best model for fold 2
Epoch 4, Train Loss: 0.6269, Val Loss: 0.6176
Saved best model for fold 3
Epoch 4, Train Loss: 0.6341, Val Loss: 0.6203
Saved best model for fold 4
Epoch 5, Train Loss: 0.6098, Val Loss: 0.5957
Saved best model for fold 3
Epoch 4, Train Loss: 0.6282, Val Loss: 0.6242
Saved best model for fold 1
Epoch 5, Train Loss: 0.6211, Val Loss: 0.6166
Saved best model for fold 4
Epoch 4, Train Loss: 0.6323, Val Loss: 0.6208
Saved best model for fold 2
Epoch 6, Train Loss: 0.6124, Val Loss: 0.6022
Saved best model for fold 4
Epoch 6, Train Loss: 0.5985, Val Loss: 0.5855
Saved best model for fold 3
Epoch 5, Train Loss: 0.6119, Val Loss: 0.6182
Saved best model for fold 1
Epoch 5, Train Loss: 0.6128, Val Loss: 0.6114
Saved best model for fold 2
Epoch 7, Train Loss: 0.5990, Val Loss: 0.5816
Saved best model for fold 4
Epoch 6, Train Loss: 0.5949, Val Loss: 0.5981
Saved best model for fold 1
Epoch 7, Train Loss: 0.5898, Val Loss: 0.5887
Epoch 6, Train Loss: 0.6025, Val Loss: 0.6006
Saved best model for fold 2
Epoch 8, Train Loss: 0.5884, Val Loss: 0.5754
Saved best model for fold 4
Epoch 7, Train Loss: 0.5844, Val Loss: 0.5845
Saved best model for fold 1
Epoch 8, Train Loss: 0.5783, Val Loss: 0.5700
Saved best model for fold 3
Epoch 7, Train Loss: 0.5949, Val Loss: 0.5798
Saved best model for fold 2
Epoch 9, Train Loss: 0.5784, Val Loss: 0.5616
Saved best model for fold 4
Epoch 8, Train Loss: 0.5777, Val Loss: 0.5826
Saved best model for fold 1
Epoch 9, Train Loss: 0.5738, Val Loss: 0.5621
Saved best model for fold 3
Epoch 10, Train Loss: 0.5751, Val Loss: 0.5564
Saved best model for fold 4
Epoch 9, Train Loss: 0.5744, Val Loss: 0.5709
Saved best model for fold 1
Epoch 8, Train Loss: 0.5826, Val Loss: 0.5862
Epoch 11, Train Loss: 0.5681, Val Loss: 0.5580
Epoch 10, Train Loss: 0.5648, Val Loss: 0.6074
Epoch 10, Train Loss: 0.5717, Val Loss: 0.5888
Epoch 9, Train Loss: 0.5763, Val Loss: 0.5707
Saved best model for fold 2
Epoch 12, Train Loss: 0.5649, Val Loss: 0.5498
Saved best model for fold 4
Epoch 11, Train Loss: 0.5662, Val Loss: 0.5712
Epoch 11, Train Loss: 0.5666, Val Loss: 0.5646
Epoch 10, Train Loss: 0.5766, Val Loss: 0.5907
Epoch 13, Train Loss: 0.5628, Val Loss: 0.5484
Saved best model for fold 4
Epoch 12, Train Loss: 0.5543, Val Loss: 0.5620
Saved best model for fold 1
Epoch 12, Train Loss: 0.5556, Val Loss: 0.5540
Saved best model for fold 3
Epoch 14, Train Loss: 0.5571, Val Loss: 0.5472
Saved best model for fold 4
Epoch 11, Train Loss: 0.5659, Val Loss: 0.5674
Saved best model for fold 2
Epoch 13, Train Loss: 0.5583, Val Loss: 0.5543
Epoch 13, Train Loss: 0.5549, Val Loss: 0.5647
Epoch 15, Train Loss: 0.5530, Val Loss: 0.5458
Saved best model for fold 4
Epoch 14, Train Loss: 0.5497, Val Loss: 0.5490
Saved best model for fold 3
Epoch 12, Train Loss: 0.5632, Val Loss: 0.5540
Saved best model for fold 2
Epoch 14, Train Loss: 0.5499, Val Loss: 0.5599
Saved best model for fold 1
Epoch 16, Train Loss: 0.5487, Val Loss: 0.5635
Epoch 15, Train Loss: 0.5473, Val Loss: 0.5449
Saved best model for fold 3
Epoch 13, Train Loss: 0.5562, Val Loss: 0.5523
Saved best model for fold 2
Epoch 15, Train Loss: 0.5502, Val Loss: 0.5562
Saved best model for fold 1
Epoch 17, Train Loss: 0.5499, Val Loss: 0.5526
Epoch 16, Train Loss: 0.5465, Val Loss: 0.5473
Epoch 18, Train Loss: 0.5449, Val Loss: 0.5427
Saved best model for fold 4
Epoch 14, Train Loss: 0.5531, Val Loss: 0.5608
Epoch 16, Train Loss: 0.5458, Val Loss: 0.5499
Saved best model for fold 1
Epoch 17, Train Loss: 0.5477, Val Loss: 0.5451
Epoch 19, Train Loss: 0.5417, Val Loss: 0.5399
Saved best model for fold 4
Epoch 15, Train Loss: 0.5516, Val Loss: 0.5567
Epoch 18, Train Loss: 0.5403, Val Loss: 0.5444
Saved best model for fold 3
Epoch 17, Train Loss: 0.5398, Val Loss: 0.5514
Epoch 20, Train Loss: 0.5407, Val Loss: 0.5369
Saved best model for fold 4
Epoch 16, Train Loss: 0.5514, Val Loss: 0.5467
Saved best model for fold 2
Epoch 19, Train Loss: 0.5388, Val Loss: 0.5439
Saved best model for fold 3
Epoch 18, Train Loss: 0.5390, Val Loss: 0.5504
Epoch 21, Train Loss: 0.5368, Val Loss: 0.5358
Saved best model for fold 4
Epoch 17, Train Loss: 0.5437, Val Loss: 0.5480
Epoch 20, Train Loss: 0.5381, Val Loss: 0.5385
Saved best model for fold 3
Epoch 19, Train Loss: 0.5377, Val Loss: 0.5479
Saved best model for fold 1
Epoch 22, Train Loss: 0.5383, Val Loss: 0.5433
Epoch 18, Train Loss: 0.5424, Val Loss: 0.5466
Saved best model for fold 2
Epoch 20, Train Loss: 0.5341, Val Loss: 0.5472
Saved best model for fold 1
Epoch 23, Train Loss: 0.5391, Val Loss: 0.5343
Saved best model for fold 4
Epoch 21, Train Loss: 0.5383, Val Loss: 0.5338
Saved best model for fold 3
Epoch 19, Train Loss: 0.5421, Val Loss: 0.5465
Saved best model for fold 2
Epoch 21, Train Loss: 0.5341, Val Loss: 0.5521
Epoch 24, Train Loss: 0.5350, Val Loss: 0.5352
Epoch 22, Train Loss: 0.5340, Val Loss: 0.5362
Epoch 22, Train Loss: 0.5311, Val Loss: 0.5459
Saved best model for fold 1
Epoch 25, Train Loss: 0.5343, Val Loss: 0.5474
Epoch 20, Train Loss: 0.5403, Val Loss: 0.5527
Epoch 23, Train Loss: 0.5306, Val Loss: 0.5337
Saved best model for fold 3
Epoch 23, Train Loss: 0.5323, Val Loss: 0.5583
Epoch 26, Train Loss: 0.5314, Val Loss: 0.5308
Saved best model for fold 4
Epoch 21, Train Loss: 0.5389, Val Loss: 0.5462
Saved best model for fold 2
Epoch 24, Train Loss: 0.5277, Val Loss: 0.5466
Epoch 27, Train Loss: 0.5358, Val Loss: 0.5328
Epoch 24, Train Loss: 0.5319, Val Loss: 0.5451
Epoch 22, Train Loss: 0.5360, Val Loss: 0.5510
Epoch 25, Train Loss: 0.5297, Val Loss: 0.5530
Epoch 28, Train Loss: 0.5274, Val Loss: 0.5344
Epoch 25, Train Loss: 0.5299, Val Loss: 0.5386
Epoch 26, Train Loss: 0.5282, Val Loss: 0.5483
Epoch 23, Train Loss: 0.5332, Val Loss: 0.5535
Epoch 29, Train Loss: 0.5254, Val Loss: 0.5311
Epoch 26, Train Loss: 0.5314, Val Loss: 0.5495
Epoch 27, Train Loss: 0.5265, Val Loss: 0.5461
Epoch 24, Train Loss: 0.5311, Val Loss: 0.5396
Saved best model for fold 2
Epoch 30, Train Loss: 0.5263, Val Loss: 0.5318
Epoch 28, Train Loss: 0.5243, Val Loss: 0.5434
Saved best model for fold 1
Epoch 25, Train Loss: 0.5303, Val Loss: 0.5397
Epoch 27, Train Loss: 0.5279, Val Loss: 0.5375
Epoch 31, Train Loss: 0.5224, Val Loss: 0.5333
Epoch 26, Train Loss: 0.5299, Val Loss: 0.5452
Epoch 29, Train Loss: 0.5260, Val Loss: 0.5439
Epoch 28, Train Loss: 0.5238, Val Loss: 0.5371
Epoch 32, Train Loss: 0.5268, Val Loss: 0.5477
Epoch 27, Train Loss: 0.5271, Val Loss: 0.5594
Epoch 30, Train Loss: 0.5203, Val Loss: 0.5459
Epoch 29, Train Loss: 0.5245, Val Loss: 0.5569
Epoch 31, Train Loss: 0.5213, Val Loss: 0.5465
Epoch 28, Train Loss: 0.5259, Val Loss: 0.5390
Saved best model for fold 2
Epoch 33, Train Loss: 0.5230, Val Loss: 0.5327
Epoch 29, Train Loss: 0.5255, Val Loss: 0.5421
Epoch 32, Train Loss: 0.5191, Val Loss: 0.5446
Epoch 30, Train Loss: 0.5212, Val Loss: 0.5324
Saved best model for fold 3
Epoch 34, Train Loss: 0.5210, Val Loss: 0.5413
Epoch 30, Train Loss: 0.5239, Val Loss: 0.5343
Saved best model for fold 2
Epoch 33, Train Loss: 0.5203, Val Loss: 0.5455
Epoch 31, Train Loss: 0.5222, Val Loss: 0.5333
Epoch 35, Train Loss: 0.5195, Val Loss: 0.5344
Epoch 34, Train Loss: 0.5196, Val Loss: 0.5426
Saved best model for fold 1
Epoch 31, Train Loss: 0.5229, Val Loss: 0.5532
Epoch 32, Train Loss: 0.5203, Val Loss: 0.5344
Epoch 32, Train Loss: 0.5279, Val Loss: 0.5809
Epoch 35, Train Loss: 0.5177, Val Loss: 0.5432
Epoch 36, Train Loss: 0.5179, Val Loss: 0.5354
Epoch 36, Train Loss: 0.5154, Val Loss: 0.5422
Saved best model for fold 1
Epoch 33, Train Loss: 0.5247, Val Loss: 0.5371
Epoch 33, Train Loss: 0.5201, Val Loss: 0.5317
Saved best model for fold 3
Epoch 37, Train Loss: 0.5173, Val Loss: 0.5310
Epoch 34, Train Loss: 0.5177, Val Loss: 0.5349
Epoch 37, Train Loss: 0.5128, Val Loss: 0.5436
Epoch 34, Train Loss: 0.5212, Val Loss: 0.5545
Epoch 38, Train Loss: 0.5174, Val Loss: 0.5307
Saved best model for fold 4
Epoch 35, Train Loss: 0.5198, Val Loss: 0.5386
Epoch 38, Train Loss: 0.5132, Val Loss: 0.5498
Epoch 35, Train Loss: 0.5263, Val Loss: 0.5325
Epoch 36, Train Loss: 0.5200, Val Loss: 0.5354
Epoch 39, Train Loss: 0.5194, Val Loss: 0.5420
Saved best model for fold 1
Epoch 39, Train Loss: 0.5160, Val Loss: 0.5336
Epoch 37, Train Loss: 0.5200, Val Loss: 0.5349
Epoch 40, Train Loss: 0.5093, Val Loss: 0.5406
Saved best model for fold 1
Epoch 36, Train Loss: 0.5178, Val Loss: 0.5287
Saved best model for fold 3
Epoch 40, Train Loss: 0.5133, Val Loss: 0.5329
Epoch 38, Train Loss: 0.5151, Val Loss: 0.5378
Epoch 41, Train Loss: 0.5103, Val Loss: 0.5496
Epoch 41, Train Loss: 0.5147, Val Loss: 0.5433
Epoch 37, Train Loss: 0.5199, Val Loss: 0.5337
Epoch 39, Train Loss: 0.5172, Val Loss: 0.5360
Epoch 42, Train Loss: 0.5167, Val Loss: 0.5317
Epoch 42, Train Loss: 0.5093, Val Loss: 0.5418
Epoch 38, Train Loss: 0.5139, Val Loss: 0.5335
Epoch 40, Train Loss: 0.5139, Val Loss: 0.5363
Epoch 43, Train Loss: 0.5196, Val Loss: 0.5321
Epoch 43, Train Loss: 0.5095, Val Loss: 0.5409
Epoch 41, Train Loss: 0.5150, Val Loss: 0.5471
Epoch 39, Train Loss: 0.5145, Val Loss: 0.5329
Epoch 44, Train Loss: 0.5102, Val Loss: 0.5304
Saved best model for fold 4
Epoch 42, Train Loss: 0.5115, Val Loss: 0.5459
Epoch 44, Train Loss: 0.5105, Val Loss: 0.5419
Epoch 45, Train Loss: 0.5099, Val Loss: 0.5421
Epoch 40, Train Loss: 0.5139, Val Loss: 0.5303
Epoch 43, Train Loss: 0.5174, Val Loss: 0.5343
Saved best model for fold 2
Epoch 46, Train Loss: 0.5099, Val Loss: 0.5275
Saved best model for fold 4
Epoch 45, Train Loss: 0.5106, Val Loss: 0.5403
Saved best model for fold 1
Epoch 41, Train Loss: 0.5114, Val Loss: 0.5304
Epoch 44, Train Loss: 0.5101, Val Loss: 0.5319
Saved best model for fold 2
Epoch 47, Train Loss: 0.5085, Val Loss: 0.5278
Epoch 46, Train Loss: 0.5059, Val Loss: 0.5427
Epoch 45, Train Loss: 0.5089, Val Loss: 0.5344
Epoch 42, Train Loss: 0.5104, Val Loss: 0.5381
Epoch 48, Train Loss: 0.5090, Val Loss: 0.5290
Epoch 46, Train Loss: 0.5087, Val Loss: 0.5384
Epoch 47, Train Loss: 0.5046, Val Loss: 0.5505
Epoch 49, Train Loss: 0.5083, Val Loss: 0.5314
Epoch 43, Train Loss: 0.5117, Val Loss: 0.5340
Epoch 47, Train Loss: 0.5097, Val Loss: 0.5387
Epoch 50, Train Loss: 0.5071, Val Loss: 0.5335
Fold 4 Metrics:
MSE: 0.0414, MAE: 0.1570, R²: 0.5980
Epoch 48, Train Loss: 0.5055, Val Loss: 0.5490
Filtered dataset length: 5532
Filtered and augmented dataset length: 29397

Fold 5
Epoch 44, Train Loss: 0.5130, Val Loss: 0.5293
Epoch 48, Train Loss: 0.5090, Val Loss: 0.5536
Epoch 1, Train Loss: 0.7176, Val Loss: 0.6674
Saved best model for fold 5
Epoch 49, Train Loss: 0.5050, Val Loss: 0.5416
Epoch 49, Train Loss: 0.5072, Val Loss: 0.5338
Epoch 45, Train Loss: 0.5102, Val Loss: 0.5527
Epoch 2, Train Loss: 0.6717, Val Loss: 0.6652
Saved best model for fold 5
Epoch 50, Train Loss: 0.5072, Val Loss: 0.5358
Fold 2 Metrics:
MSE: 0.0424, MAE: 0.1591, R²: 0.5938
Epoch 50, Train Loss: 0.5036, Val Loss: 0.5425
Fold 1 Metrics:
MSE: 0.0420, MAE: 0.1571, R²: 0.5909
Epoch 3, Train Loss: 0.6578, Val Loss: 0.6449
Saved best model for fold 5
Epoch 46, Train Loss: 0.5089, Val Loss: 0.5350
Epoch 4, Train Loss: 0.6378, Val Loss: 0.6208
Saved best model for fold 5
Epoch 47, Train Loss: 0.5084, Val Loss: 0.5416
Epoch 5, Train Loss: 0.6169, Val Loss: 0.6092
Saved best model for fold 5
Epoch 48, Train Loss: 0.5103, Val Loss: 0.5450
Epoch 6, Train Loss: 0.6030, Val Loss: 0.6096
Epoch 49, Train Loss: 0.5083, Val Loss: 0.5335
Epoch 7, Train Loss: 0.5990, Val Loss: 0.6083
Saved best model for fold 5
Epoch 50, Train Loss: 0.5086, Val Loss: 0.5312
Fold 3 Metrics:
MSE: 0.0400, MAE: 0.1565, R²: 0.6154
Epoch 8, Train Loss: 0.5875, Val Loss: 0.5879
Saved best model for fold 5
Epoch 9, Train Loss: 0.5803, Val Loss: 0.5724
Saved best model for fold 5
Epoch 10, Train Loss: 0.5743, Val Loss: 0.5828
Epoch 11, Train Loss: 0.5698, Val Loss: 0.5609
Saved best model for fold 5
Epoch 12, Train Loss: 0.5624, Val Loss: 0.5597
Saved best model for fold 5
Epoch 13, Train Loss: 0.5713, Val Loss: 0.5604
Epoch 14, Train Loss: 0.5637, Val Loss: 0.5635
Epoch 15, Train Loss: 0.5544, Val Loss: 0.5661
Epoch 16, Train Loss: 0.5499, Val Loss: 0.5485
Saved best model for fold 5
Epoch 17, Train Loss: 0.5496, Val Loss: 0.5565
Epoch 18, Train Loss: 0.5455, Val Loss: 0.5505
Epoch 19, Train Loss: 0.5401, Val Loss: 0.5434
Saved best model for fold 5
Epoch 20, Train Loss: 0.5462, Val Loss: 0.5630
Epoch 21, Train Loss: 0.5474, Val Loss: 0.5460
Epoch 22, Train Loss: 0.5411, Val Loss: 0.5443
Epoch 23, Train Loss: 0.5368, Val Loss: 0.5477
Epoch 24, Train Loss: 0.5373, Val Loss: 0.5463
Epoch 25, Train Loss: 0.5345, Val Loss: 0.5412
Saved best model for fold 5
